trait effect scale (ancestral SD -> target): {'clear': 4.372, 'tol': 3.163, 'pref': 5.063}
[kappa0] block 1 I: 3.7s; clear_rel 2.286 kappa13 0.000
[kappa0] block 1 U: 1.6s; clear_rel 0.956 kappa13 0.000
[kappa0] block 2 I: 1.7s; clear_rel 1.961 kappa13 0.000
[kappa0] block 2 U: 1.7s; clear_rel 1.193 kappa13 0.000
[kappa0] block 3 I: 1.7s; clear_rel 1.792 kappa13 0.000
[kappa0] block 3 U: 1.6s; clear_rel 0.926 kappa13 0.000
[kappa0] block 4 I: 1.8s; clear_rel 1.826 kappa13 0.000
[kappa0] block 4 U: 1.5s; clear_rel 1.080 kappa13 0.000
[k96_0.1_flat] block 1 I: 1.7s; clear_rel 3.043 kappa13 0.110
[k96_0.1_flat] block 1 U: 1.6s; clear_rel 1.112 kappa13 0.099
[k96_0.1_flat] block 2 I: 1.7s; clear_rel 2.725 kappa13 0.091
[k96_0.1_flat] block 2 U: 1.5s; clear_rel 1.167 kappa13 0.110
[k96_0.1_flat] block 3 I: 1.8s; clear_rel 1.584 kappa13 0.084
[k96_0.1_flat] block 3 U: 1.6s; clear_rel 0.990 kappa13 0.089
[k96_0.1_flat] block 4 I: 1.7s; clear_rel 2.237 kappa13 0.100
[k96_0.1_flat] block 4 U: 1.6s; clear_rel 0.963 kappa13 0.123
[k96_0.1_decay24h] block 1 I: 1.7s; clear_rel 1.845 kappa13 0.865
[k96_0.1_decay24h] block 1 U: 1.7s; clear_rel 1.067 kappa13 0.971
[k96_0.1_decay24h] block 2 I: 1.9s; clear_rel 2.354 kappa13 0.873
[k96_0.1_decay24h] block 2 U: 1.6s; clear_rel 0.898 kappa13 0.982
[k96_0.1_decay24h] block 3 I: 1.8s; clear_rel 2.313 kappa13 0.777
[k96_0.1_decay24h] block 3 U: 1.7s; clear_rel 1.018 kappa13 0.961
[k96_0.1_decay24h] block 4 I: 1.9s; clear_rel 2.189 kappa13 0.743
[k96_0.1_decay24h] block 4 U: 1.7s; clear_rel 0.923 kappa13 0.953
[k96_0.3_flat] block 1 I: 1.8s; clear_rel 2.820 kappa13 0.261
[k96_0.3_flat] block 1 U: 1.8s; clear_rel 1.116 kappa13 0.348
[k96_0.3_flat] block 2 I: 1.8s; clear_rel 2.936 kappa13 0.299
[k96_0.3_flat] block 2 U: 2.0s; clear_rel 1.110 kappa13 0.277
[k96_0.3_flat] block 3 I: 1.9s; clear_rel 1.819 kappa13 0.287
[k96_0.3_flat] block 3 U: 1.7s; clear_rel 1.123 kappa13 0.318
[k96_0.3_flat] block 4 I: 1.9s; clear_rel 1.784 kappa13 0.258
[k96_0.3_flat] block 4 U: 1.6s; clear_rel 0.901 kappa13 0.284
wrote C:\Users\Windows\Downloads\antagonistic_alleles_manas\manas_sa\results\coupled
[kappa0] CF 0.501; fem diff +0.002
[k96_0.1_flat] CF 0.518; fem diff +0.006
[k96_0.1_decay24h] CF 0.636; fem diff +0.023
[k96_0.3_flat] CF 0.542; fem diff +0.001
            scenario                  id                                        paper_estimate                                                                     model_estimate   p_value                                                                                                                             verdict
0             kappa0           G-kappa13                     MISSING (not measured at 12-14 h)                                                   I 0.000, U 0.000; ancestor 0.000       NaN                                                                           U keeps the ancestral value (no infection selection in U)
1             kappa0              G-beta                                               MISSING                                            I 1.063, U 1.060 (calibration mean = 1)       NaN                                                                                                                          near 0: no
2             kappa0          G-survival                     0.35-0.40 (Gupta 2016 p.82, p.95)                                                          +0.223 (I 0.435, U 0.212)       NaN                                                                                                                    sign as observed
3             kappa0              G-load  about 0.7 (Gupta 2016 p.95: ~30% fewer CFUs, I vs S)                                                                              0.491       NaN                                                                                                               direction as observed
4             kappa0         A1-cf_share                                                 0.518                                                               0.501 [0.460, 0.540]  0.487562                                                                                          consistent [not evidence: by construction]
5             kappa0    A1-cm_mean_cells                                                 0.525                                                               0.501 [0.464, 0.538]  0.199005                                                                                          consistent [not evidence: by construction]
6             kappa0        A1-cf-blocks                                                  True                                                                 P(all n.s.) = 0.84  0.845000                                                                                                                          consistent
7             kappa0           A1-CL-INF                                  F = 0.125, p = 0.723                                                                      median F 0.57  0.477612                                                                                          consistent [not evidence: by construction]
8             kappa0        A1-explained                                  null in all 16 cells             kappa_I 0.000, kappa_U 0.000, ancestor 0.000; beta_I 1.06, beta_U 1.06       NaN                                                                                         NO: kappa = 0 is hand-set (by construction)
9             kappa0       NEW-fem-x-inf                                                -0.054                                                            +0.002 [-0.075, +0.076]  0.248756                                                                                                                          consistent
10            kappa0      NEW-male-x-inf                                                -0.048                                                            +0.005 [-0.076, +0.088]  0.228856                                                                                                                          consistent
11            kappa0  NEW-CL-INF*FEMALES                                          F = 0.614137                                                                      median F 0.49  0.965174                                                                                                                          consistent
12            kappa0     NEW-CL-INF*MALE                                          F = 0.006074                                                                      median F 0.59  0.149254                                                                                                                          consistent
13      k96_0.1_flat           G-kappa13                     MISSING (not measured at 12-14 h)                                                   I 0.096, U 0.105; ancestor 0.100       NaN                                                                           U keeps the ancestral value (no infection selection in U)
14      k96_0.1_flat              G-beta                                               MISSING                                            I 1.060, U 1.083 (calibration mean = 1)       NaN                                                                                                                          near 0: no
15      k96_0.1_flat          G-survival                     0.35-0.40 (Gupta 2016 p.82, p.95)                                                          +0.284 (I 0.494, U 0.210)       NaN                                                                                                                    sign as observed
16      k96_0.1_flat              G-load  about 0.7 (Gupta 2016 p.95: ~30% fewer CFUs, I vs S)                                                                              0.409       NaN                                                                                                               direction as observed
17      k96_0.1_flat         A1-cf_share                                                 0.518                                                               0.518 [0.467, 0.562]  1.000000                                                                                                                          consistent
18      k96_0.1_flat    A1-cm_mean_cells                                                 0.525                                                               0.515 [0.478, 0.550]  0.636816                                                                                                                          consistent
19      k96_0.1_flat        A1-cf-blocks                                                  True                                                                 P(all n.s.) = 0.76  0.760000                                                                                                                          consistent
20      k96_0.1_flat           A1-CL-INF                                  F = 0.125, p = 0.723                                                                      median F 0.74  0.437811                                                                                                                          consistent
21      k96_0.1_flat        A1-explained                                  null in all 16 cells             kappa_I 0.096, kappa_U 0.105, ancestor 0.100; beta_I 1.06, beta_U 1.08       NaN  NO: U is not selected on kappa or beta, so U keeps the ancestral kappa(13 h); a null in U x U vials cannot come from IUS evolution
22      k96_0.1_flat       NEW-fem-x-inf                                                -0.054                                                            +0.006 [-0.084, +0.093]  0.208955                                                                                                                          consistent
23      k96_0.1_flat      NEW-male-x-inf                                                -0.048                                                            +0.005 [-0.074, +0.097]  0.268657                                                                                                                          consistent
24      k96_0.1_flat  NEW-CL-INF*FEMALES                                          F = 0.614137                                                                      median F 0.59  0.995025                                                                                                                          consistent
25      k96_0.1_flat     NEW-CL-INF*MALE                                          F = 0.006074                                                                      median F 0.64  0.019900                                                                                                         TENSION/REJECTED (p < 0.05)
26  k96_0.1_decay24h           G-kappa13                     MISSING (not measured at 12-14 h)                                                   I 0.817, U 0.967; ancestor 0.965       NaN                                                                           U keeps the ancestral value (no infection selection in U)
27  k96_0.1_decay24h              G-beta                                               MISSING                                            I 0.990, U 1.094 (calibration mean = 1)       NaN                                                                                                                          near 0: no
28  k96_0.1_decay24h          G-survival                     0.35-0.40 (Gupta 2016 p.82, p.95)                                                          +0.276 (I 0.469, U 0.193)       NaN                                                                                                                    sign as observed
29  k96_0.1_decay24h              G-load  about 0.7 (Gupta 2016 p.95: ~30% fewer CFUs, I vs S)                                                                              0.431       NaN                                                                                                               direction as observed
30  k96_0.1_decay24h         A1-cf_share                                                 0.518                                                               0.636 [0.594, 0.678]  0.009950                                                                                                         TENSION/REJECTED (p < 0.05)
31  k96_0.1_decay24h    A1-cm_mean_cells                                                 0.525                                                               0.634 [0.597, 0.670]  0.009950                                                                                                         TENSION/REJECTED (p < 0.05)
32  k96_0.1_decay24h        A1-cf-blocks                                                  True                                                                 P(all n.s.) = 0.01  0.005000                                                                                                                    TENSION/REJECTED
33  k96_0.1_decay24h           A1-CL-INF                                  F = 0.125, p = 0.723                                                                     median F 12.56  0.009950                                                                                                         TENSION/REJECTED (p < 0.05)
34  k96_0.1_decay24h        A1-explained                                  null in all 16 cells             kappa_I 0.817, kappa_U 0.967, ancestor 0.965; beta_I 0.99, beta_U 1.09       NaN  NO: U is not selected on kappa or beta, so U keeps the ancestral kappa(13 h); a null in U x U vials cannot come from IUS evolution
35  k96_0.1_decay24h       NEW-fem-x-inf                                                -0.054                                                            +0.023 [-0.057, +0.108]  0.079602                                                                                                                          consistent
36  k96_0.1_decay24h      NEW-male-x-inf                                                -0.048                                                            +0.020 [-0.060, +0.106]  0.139303                                                                                                                          consistent
37  k96_0.1_decay24h  NEW-CL-INF*FEMALES                                          F = 0.614137                                                                      median F 0.65  0.995025                                                                                                                          consistent
38  k96_0.1_decay24h     NEW-CL-INF*MALE                                          F = 0.006074                                                                      median F 0.68  0.119403                                                                                                                          consistent
39      k96_0.3_flat           G-kappa13                     MISSING (not measured at 12-14 h)                                                   I 0.279, U 0.310; ancestor 0.300       NaN                                                                           U keeps the ancestral value (no infection selection in U)
40      k96_0.3_flat              G-beta                                               MISSING                                            I 0.948, U 0.981 (calibration mean = 1)       NaN                                                                                                                          near 0: no
41      k96_0.3_flat          G-survival                     0.35-0.40 (Gupta 2016 p.82, p.95)                                                          +0.267 (I 0.483, U 0.216)       NaN                                                                                                                    sign as observed
42      k96_0.3_flat              G-load  about 0.7 (Gupta 2016 p.95: ~30% fewer CFUs, I vs S)                                                                              0.433       NaN                                                                                                               direction as observed
43      k96_0.3_flat         A1-cf_share                                                 0.518                                                               0.542 [0.503, 0.588]  0.368159                                                                                                                          consistent
44      k96_0.3_flat    A1-cm_mean_cells                                                 0.525                                                               0.543 [0.510, 0.579]  0.388060                                                                                                                          consistent
45      k96_0.3_flat        A1-cf-blocks                                                  True                                                                 P(all n.s.) = 0.58  0.580000                                                                                                                          consistent
46      k96_0.3_flat           A1-CL-INF                                  F = 0.125, p = 0.723                                                                      median F 1.51  0.288557                                                                                                                          consistent
47      k96_0.3_flat        A1-explained                                  null in all 16 cells             kappa_I 0.279, kappa_U 0.310, ancestor 0.300; beta_I 0.95, beta_U 0.98       NaN  NO: U is not selected on kappa or beta, so U keeps the ancestral kappa(13 h); a null in U x U vials cannot come from IUS evolution
48      k96_0.3_flat       NEW-fem-x-inf                                                -0.054                                                            +0.001 [-0.093, +0.093]  0.238806                                                                                                                          consistent
49      k96_0.3_flat      NEW-male-x-inf                                                -0.048                                                            +0.001 [-0.081, +0.090]  0.288557                                                                                                                          consistent
50      k96_0.3_flat  NEW-CL-INF*FEMALES                                          F = 0.614137                                                                      median F 0.60  0.995025                                                                                                                          consistent
51      k96_0.3_flat     NEW-CL-INF*MALE                                          F = 0.006074                                                                      median F 0.66  0.169154                                                                                                                          consistent
52       Khan regime        A2-khan-bias                                                 0.463                                           0.479 [0.437, 0.525] (beta fixed: 0.477)  0.587065                                                                                                                          consistent
53       Khan regime         H8b-coupled                                                 0.029                                                          0.110 (beta fixed: 0.110)  0.004975                                                      REJECTED (stays): genetic variance in beta cannot reduce vial-to-vial variance
54               all        SA-courtship                                                     -                              no: bit-identical statistics (tests/test_coupling.py)       NaN                                                                                                                               holds
55               all            telegony            no (thesis Table 4.1-4.2: population n.s.)                 no: coupler passes nothing to telegony.py; compartmentalisation on       NaN                                                                                                           consistent [not evidence]
56               all         H10-coupled                                         chi2 = 108.16                 record sex factor = 1 (no independent data; Gupta 2016 gives none)       NaN                                                                                                                    REJECTED (stays)
57               all          H4-coupled                                       F = 6.49 / 6.93                   no latency trait in the genetic layer: intercepts not identified       NaN                                                                                                                     TENSION (stays)
58               all         H14-coupled                                           0.749-0.842                                                 no genotype x sex-ratio term added       NaN                                                                                                                     TENSION (stays)
59               all         male-recomb                                                     0  0 in every Drosophila run; True only in paper-setting replications (SLiM default)       NaN                                                                                                      no rerun needed; H19 unchanged
exit 0
