trait effect scale (ancestral SD -> target): {'clear': 1.0, 'tol': 1.0, 'pref': 1.0}
[kappa0] block 1 I: 1.9s; clear_rel 1.051 kappa13 0.000
[kappa0] block 1 U: 1.8s; clear_rel 0.989 kappa13 0.000
[kappa0] block 2 I: 1.7s; clear_rel 0.987 kappa13 0.000
[kappa0] block 2 U: 1.6s; clear_rel 1.039 kappa13 0.000
[kappa0] block 3 I: 1.8s; clear_rel 1.051 kappa13 0.000
[kappa0] block 3 U: 1.5s; clear_rel 0.981 kappa13 0.000
[kappa0] block 4 I: 1.8s; clear_rel 1.078 kappa13 0.000
[kappa0] block 4 U: 1.5s; clear_rel 1.016 kappa13 0.000
[k96_0.1_flat] block 1 I: 1.7s; clear_rel 1.064 kappa13 0.101
[k96_0.1_flat] block 1 U: 1.9s; clear_rel 1.023 kappa13 0.100
[k96_0.1_flat] block 2 I: 1.9s; clear_rel 1.004 kappa13 0.101
[k96_0.1_flat] block 2 U: 1.6s; clear_rel 1.031 kappa13 0.103
[k96_0.1_flat] block 3 I: 1.7s; clear_rel 1.116 kappa13 0.105
[k96_0.1_flat] block 3 U: 1.5s; clear_rel 0.996 kappa13 0.096
[k96_0.1_flat] block 4 I: 1.7s; clear_rel 1.063 kappa13 0.096
[k96_0.1_flat] block 4 U: 1.6s; clear_rel 0.990 kappa13 0.107
[k96_0.1_decay24h] block 1 I: 1.8s; clear_rel 1.078 kappa13 0.962
[k96_0.1_decay24h] block 1 U: 1.6s; clear_rel 1.011 kappa13 0.969
[k96_0.1_decay24h] block 2 I: 1.7s; clear_rel 1.119 kappa13 0.961
[k96_0.1_decay24h] block 2 U: 1.6s; clear_rel 0.975 kappa13 0.972
[k96_0.1_decay24h] block 3 I: 1.7s; clear_rel 1.032 kappa13 0.963
[k96_0.1_decay24h] block 3 U: 1.5s; clear_rel 1.003 kappa13 0.964
[k96_0.1_decay24h] block 4 I: 1.7s; clear_rel 1.045 kappa13 0.959
[k96_0.1_decay24h] block 4 U: 1.6s; clear_rel 0.980 kappa13 0.962
[k96_0.3_flat] block 1 I: 1.7s; clear_rel 1.122 kappa13 0.278
[k96_0.3_flat] block 1 U: 1.6s; clear_rel 1.023 kappa13 0.314
[k96_0.3_flat] block 2 I: 1.6s; clear_rel 1.019 kappa13 0.294
[k96_0.3_flat] block 2 U: 1.6s; clear_rel 1.022 kappa13 0.292
[k96_0.3_flat] block 3 I: 2.0s; clear_rel 1.007 kappa13 0.294
[k96_0.3_flat] block 3 U: 1.5s; clear_rel 1.024 kappa13 0.305
[k96_0.3_flat] block 4 I: 1.6s; clear_rel 1.065 kappa13 0.291
[k96_0.3_flat] block 4 U: 1.6s; clear_rel 0.974 kappa13 0.295
wrote C:\Users\Windows\Downloads\antagonistic_alleles_manas\manas_sa\results\coupled
[kappa0] CF 0.501; fem diff +0.002
[k96_0.1_flat] CF 0.517; fem diff +0.006
[k96_0.1_decay24h] CF 0.641; fem diff +0.003
[k96_0.3_flat] CF 0.543; fem diff -0.002
            scenario                  id                                        paper_estimate                                                                     model_estimate   p_value                                                                                                                             verdict
0             kappa0           G-kappa13                     MISSING (not measured at 12-14 h)                                                   I 0.000, U 0.000; ancestor 0.000       NaN                                                                           U keeps the ancestral value (no infection selection in U)
1             kappa0              G-beta                                               MISSING                                            I 1.033, U 1.012 (calibration mean = 1)       NaN                                                                                                                          near 0: no
2             kappa0          G-survival                     0.35-0.40 (Gupta 2016 p.82, p.95)                                                          +0.011 (I 0.213, U 0.202)       NaN                                                                                                                    sign as observed
3             kappa0              G-load  about 0.7 (Gupta 2016 p.95: ~30% fewer CFUs, I vs S)                                                                              0.959       NaN                                                                                                               direction as observed
4             kappa0         A1-cf_share                                                 0.518                                                               0.501 [0.460, 0.540]  0.487562                                                                                          consistent [not evidence: by construction]
5             kappa0    A1-cm_mean_cells                                                 0.525                                                               0.501 [0.464, 0.538]  0.199005                                                                                          consistent [not evidence: by construction]
6             kappa0        A1-cf-blocks                                                  True                                                                 P(all n.s.) = 0.84  0.845000                                                                                                                          consistent
7             kappa0           A1-CL-INF                                  F = 0.125, p = 0.723                                                                      median F 0.57  0.477612                                                                                          consistent [not evidence: by construction]
8             kappa0        A1-explained                                  null in all 16 cells             kappa_I 0.000, kappa_U 0.000, ancestor 0.000; beta_I 1.03, beta_U 1.01       NaN                                                                                         NO: kappa = 0 is hand-set (by construction)
9             kappa0       NEW-fem-x-inf                                                -0.054                                                            +0.002 [-0.075, +0.076]  0.248756                                                                                                                          consistent
10            kappa0      NEW-male-x-inf                                                -0.048                                                            +0.005 [-0.076, +0.088]  0.228856                                                                                                                          consistent
11            kappa0  NEW-CL-INF*FEMALES                                          F = 0.614137                                                                      median F 0.49  0.965174                                                                                                                          consistent
12            kappa0     NEW-CL-INF*MALE                                          F = 0.006074                                                                      median F 0.59  0.149254                                                                                                                          consistent
13      k96_0.1_flat           G-kappa13                     MISSING (not measured at 12-14 h)                                                   I 0.100, U 0.101; ancestor 0.100       NaN                                                                           U keeps the ancestral value (no infection selection in U)
14      k96_0.1_flat              G-beta                                               MISSING                                            I 1.029, U 1.016 (calibration mean = 1)       NaN                                                                                                                          near 0: no
15      k96_0.1_flat          G-survival                     0.35-0.40 (Gupta 2016 p.82, p.95)                                                          +0.017 (I 0.219, U 0.202)       NaN                                                                                                                    sign as observed
16      k96_0.1_flat              G-load  about 0.7 (Gupta 2016 p.95: ~30% fewer CFUs, I vs S)                                                                              0.944       NaN                                                                                                               direction as observed
17      k96_0.1_flat         A1-cf_share                                                 0.518                                                               0.517 [0.469, 0.559]  1.000000                                                                                                                          consistent
18      k96_0.1_flat    A1-cm_mean_cells                                                 0.525                                                               0.514 [0.478, 0.550]  0.597015                                                                                                                          consistent
19      k96_0.1_flat        A1-cf-blocks                                                  True                                                                 P(all n.s.) = 0.78  0.780000                                                                                                                          consistent
20      k96_0.1_flat           A1-CL-INF                                  F = 0.125, p = 0.723                                                                      median F 0.77  0.407960                                                                                                                          consistent
21      k96_0.1_flat        A1-explained                                  null in all 16 cells             kappa_I 0.100, kappa_U 0.101, ancestor 0.100; beta_I 1.03, beta_U 1.02       NaN  NO: U is not selected on kappa or beta, so U keeps the ancestral kappa(13 h); a null in U x U vials cannot come from IUS evolution
22      k96_0.1_flat       NEW-fem-x-inf                                                -0.054                                                            +0.006 [-0.076, +0.089]  0.179104                                                                                                                          consistent
23      k96_0.1_flat      NEW-male-x-inf                                                -0.048                                                            +0.004 [-0.078, +0.091]  0.308458                                                                                                                          consistent
24      k96_0.1_flat  NEW-CL-INF*FEMALES                                          F = 0.614137                                                                      median F 0.61  1.000000                                                                                                                          consistent
25      k96_0.1_flat     NEW-CL-INF*MALE                                          F = 0.006074                                                                      median F 0.63  0.069652                                                                                                                          consistent
26  k96_0.1_decay24h           G-kappa13                     MISSING (not measured at 12-14 h)                                                   I 0.961, U 0.967; ancestor 0.965       NaN                                                                           U keeps the ancestral value (no infection selection in U)
27  k96_0.1_decay24h              G-beta                                               MISSING                                            I 1.029, U 1.019 (calibration mean = 1)       NaN                                                                                                                          near 0: no
28  k96_0.1_decay24h          G-survival                     0.35-0.40 (Gupta 2016 p.82, p.95)                                                          +0.024 (I 0.221, U 0.198)       NaN                                                                                                                    sign as observed
29  k96_0.1_decay24h              G-load  about 0.7 (Gupta 2016 p.95: ~30% fewer CFUs, I vs S)                                                                              0.923       NaN                                                                                                               direction as observed
30  k96_0.1_decay24h         A1-cf_share                                                 0.518                                                               0.641 [0.596, 0.683]  0.009950                                                                                                         TENSION/REJECTED (p < 0.05)
31  k96_0.1_decay24h    A1-cm_mean_cells                                                 0.525                                                               0.641 [0.606, 0.679]  0.009950                                                                                                         TENSION/REJECTED (p < 0.05)
32  k96_0.1_decay24h        A1-cf-blocks                                                  True                                                                 P(all n.s.) = 0.00  0.000000                                                                                                                    TENSION/REJECTED
33  k96_0.1_decay24h           A1-CL-INF                                  F = 0.125, p = 0.723                                                                     median F 12.97  0.009950                                                                                                         TENSION/REJECTED (p < 0.05)
34  k96_0.1_decay24h        A1-explained                                  null in all 16 cells             kappa_I 0.961, kappa_U 0.967, ancestor 0.965; beta_I 1.03, beta_U 1.02       NaN  NO: U is not selected on kappa or beta, so U keeps the ancestral kappa(13 h); a null in U x U vials cannot come from IUS evolution
35  k96_0.1_decay24h       NEW-fem-x-inf                                                -0.054                                                            +0.003 [-0.074, +0.082]  0.189055                                                                                                                          consistent
36  k96_0.1_decay24h      NEW-male-x-inf                                                -0.048                                                            -0.000 [-0.085, +0.084]  0.288557                                                                                                                          consistent
37  k96_0.1_decay24h  NEW-CL-INF*FEMALES                                          F = 0.614137                                                                      median F 0.69  0.935323                                                                                                                          consistent
38  k96_0.1_decay24h     NEW-CL-INF*MALE                                          F = 0.006074                                                                      median F 0.64  0.089552                                                                                                                          consistent
39      k96_0.3_flat           G-kappa13                     MISSING (not measured at 12-14 h)                                                   I 0.289, U 0.303; ancestor 0.300       NaN                                                                           U keeps the ancestral value (no infection selection in U)
40      k96_0.3_flat              G-beta                                               MISSING                                            I 1.015, U 0.996 (calibration mean = 1)       NaN                                                                                                                          near 0: no
41      k96_0.3_flat          G-survival                     0.35-0.40 (Gupta 2016 p.82, p.95)                                                          +0.015 (I 0.217, U 0.203)       NaN                                                                                                                    sign as observed
42      k96_0.3_flat              G-load  about 0.7 (Gupta 2016 p.95: ~30% fewer CFUs, I vs S)                                                                              0.954       NaN                                                                                                               direction as observed
43      k96_0.3_flat         A1-cf_share                                                 0.518                                                               0.543 [0.501, 0.592]  0.348259                                                                                                                          consistent
44      k96_0.3_flat    A1-cm_mean_cells                                                 0.525                                                               0.545 [0.512, 0.582]  0.338308                                                                                                                          consistent
45      k96_0.3_flat        A1-cf-blocks                                                  True                                                                 P(all n.s.) = 0.55  0.545000                                                                                                                          consistent
46      k96_0.3_flat           A1-CL-INF                                  F = 0.125, p = 0.723                                                                      median F 1.61  0.228856                                                                                                                          consistent
47      k96_0.3_flat        A1-explained                                  null in all 16 cells             kappa_I 0.289, kappa_U 0.303, ancestor 0.300; beta_I 1.01, beta_U 1.00       NaN  NO: U is not selected on kappa or beta, so U keeps the ancestral kappa(13 h); a null in U x U vials cannot come from IUS evolution
48      k96_0.3_flat       NEW-fem-x-inf                                                -0.054                                                            -0.002 [-0.096, +0.090]  0.228856                                                                                                                          consistent
49      k96_0.3_flat      NEW-male-x-inf                                                -0.048                                                            -0.002 [-0.089, +0.082]  0.348259                                                                                                                          consistent
50      k96_0.3_flat  NEW-CL-INF*FEMALES                                          F = 0.614137                                                                      median F 0.64  0.985075                                                                                                                          consistent
51      k96_0.3_flat     NEW-CL-INF*MALE                                          F = 0.006074                                                                      median F 0.64  0.159204                                                                                                                          consistent
52       Khan regime        A2-khan-bias                                                 0.463                                           0.479 [0.437, 0.525] (beta fixed: 0.477)  0.636816                                                                                                                          consistent
53       Khan regime         H8b-coupled                                                 0.029                                                          0.110 (beta fixed: 0.110)  0.004975                                                      REJECTED (stays): genetic variance in beta cannot reduce vial-to-vial variance
54               all        SA-courtship                                                     -                              no: bit-identical statistics (tests/test_coupling.py)       NaN                                                                                                                               holds
55               all            telegony            no (thesis Table 4.1-4.2: population n.s.)                 no: coupler passes nothing to telegony.py; compartmentalisation on       NaN                                                                                                           consistent [not evidence]
56               all         H10-coupled                                         chi2 = 108.16                 record sex factor = 1 (no independent data; Gupta 2016 gives none)       NaN                                                                                                                    REJECTED (stays)
57               all          H4-coupled                                       F = 6.49 / 6.93                   no latency trait in the genetic layer: intercepts not identified       NaN                                                                                                                     TENSION (stays)
58               all         H14-coupled                                           0.749-0.842                                                 no genotype x sex-ratio term added       NaN                                                                                                                     TENSION (stays)
59               all         male-recomb                                                     0  0 in every Drosophila run; True only in paper-setting replications (SLiM default)       NaN                                                                                                      no rerun needed; H19 unchanged
exit 0
