                  id                                                                             paper_estimate                                                                             model_estimate                               identified
0              A1-CF                              sham first 240/463 = 0.518; all 16 block x treatment p > 0.05  sham first 0.501 [0.458, 0.549]; P(all 4 blocks p>0.05) = 0.85; P(all 16 two-sided p>0...                               yes (null)
1              A1-CL                                                                       F = 0.125, p = 0.723                                                         median p = 0.40; P(p > 0.2) = 0.73                               yes (null)
2             CL-FEM                                                                       F = 6.93, p = 0.0087                                                     intercept set to 0 -> P(p<0.05) = 0.00                           not identified
3            CL-MALE                                                                        F = 6.49, p = 0.011                                                     intercept set to 0 -> P(p<0.05) = 0.03                           not identified
4             CL-INT                                                                              all p >= 0.43                                                       median smallest interaction p = 0.11                               yes (null)
5              A1-CM                                                      cell means 0.432-0.637 (pooled ~0.52)                study mean 0.499 [0.460, 0.537]; share of block means in [0.45,0.55] = 0.83                               yes (null)
6      CM-SD-heldout                                                                                      0.423                        0.407 (persistence calibrated on blocks 1-2, SD 0.407); error -3.8%                           yes (held-out)
7           CM-ANOVA                                                           p = 0.249 (female), 0.916 (male)                                                                       median p 0.57 / 0.52                               yes (null)
8         A2-CF-spec                                                                    > 0.60 (spec threshold)                                                                                      0.628                       fitted to the spec
9   A2-CF-calibrated                                                                    > 0.60 (spec threshold)                                                                       0.537 (kernel 0.532)                                      yes
10         KHAN-bias                          0.447 / 0.478 / 0.469 / 0.459 (mean 0.463; effect vs 0.5 = 0.037)               0.475 [0.425, 0.525]; effect vs 0.5 = 0.025 (per-experiment range 0.32-0.65)                      yes (out-of-sample)
11             A2-CD                                                                                  no effect                                        mean diff -0.0025; CI includes 0 in 0.95 of studies                    yes (by construction)
12           KHAN-ML                                       6.58 vs 6.22 min (p = 0.75); 7.94 vs 7.80 (p = 0.92)                         infected/sham latency ratio = 1.22 (slope is ours, not identified)                                       no
13                A3                                                                             (not measured)  sham first 0.563 [0.518, 0.607]; P(all 4 blocks n.s.) = 0.36; P(CL infection p<0.05) =...                               prediction
14                A4                                                                                  (control)                               sham first 0.503 [0.464, 0.546]; P(all 4 blocks n.s.) = 0.86                                  control
15                WF                                                        CM 0.64 (P = 0.018); CF 0.58 (n.s.)  calibrated kernel, decapitated, non-depleted, 20 min: maximum CM 0.575 at kappa = 1 (C...                                       no
16              CORE                                                                       (Chinmay statistics)                                                                     none emitted (test A5)               not identified by the core
17                B1  harmed females do not delay remating or lay more (D. melanogaster: fewer eggs, earlier...                                               initial s = -0.169; frequency 0.01 -> 0.0000                                      yes
18                B2                                              harm can persist as a pleiotropic side effect  initial s = +0.247; frequency -> 1.000; female lifetime eggs 0.999 -> 0.900; invasion ...                                      yes
19            C1-sex                                                                   chi2 = 108.2, p < 0.0001                                             chi2 43.116 [24.062, 65.832]; P(p<0.05) = 1.00                       conditioning input
20            C1-pop                                                               chi2 = 1.02, df 2, p = 0.599                                                          median p = 0.48; P(p<0.05) = 0.04                               yes (null)
21                C2                    log-rank p = 0.047 (Wilcoxon 0.020); 3-way Wald p = 0.019; unreplicated  NOT predicted (stepfather effect is exactly 0). Under the null: P(6 h daughter log-ran...                            not predicted
22                C3                                P2 = 0.87; first male +0.5 SD (P = 0.013); second male n.s.  P2 0.868 [0.840, 0.898]; first-male effect 0.494 [0.016, 1.012] (P<0.05 in 0.51); seco...                       conditioning input
23                C4                                                                                          -                                        no semen state allocated; functions raise ModuleOff                                        -
24            U-mort                                                                                     70-90%                                                                               0.80 (input)                       conditioning input
25   KHAN-bias-blind                                            mean 0.463 (0.447-0.478); effect vs 0.5 = 0.037  0.480 [0.449, 0.502] (raw error +3.7%; effect 0.020, -47% on the effect scale); log-qu...  yes (only out-of-sample magnitude test)
26             CAL-1                                                                                          -  sham-first share 0.561 [0.520, 0.603]; P(pooled 463-vial test p<0.05) = 0.73; P(any bl...                calibrated (Byrne & Rice)
27             CAL-2                                                                                          -                                                                              kappa <= 0.44                calibrated (Byrne & Rice)
28             CAL-3                                                                                          -                                                                              kappa <= 0.30                calibrated (Byrne & Rice)
29             CAL-4                                                                                          -                                                                              kappa <= 0.86                calibrated (Byrne & Rice)
30             CAL-5                                                                                          -  kappa=0.4: CM 0.530, CF 0.532; kappa=1: CM 0.577, CF 0.578 -> CM 0.64 not reachable by...                calibrated (Byrne & Rice)
31             CAL-6                                                                                          -  Byrne & Rice no-choice controls: no consistent effect of female fecundity on mating ra...                calibrated (Byrne & Rice)
 beta0  p_sham_first_khan  khan_bias_mean  A3_cf_share
   0.5              0.527           0.477        0.550
   1.0              0.554           0.460        0.599
   1.5              0.580           0.440        0.646
   2.0              0.606           0.422        0.690
   2.5              0.632           0.404        0.731
   3.0              0.657           0.386        0.769
   4.0              0.703           0.349        0.832
