17:00:32  INFO  environment: {'python': '3.14.6', 'platform': 'Windows-10-10.0.19045-SP0', 'numpy': '2.5.3', 'scipy': '1.18.1', 'numba': '0.68.0', 'sympy': '1.14.0', 'matplotlib': '3.11.2', 'pandas': '3.0.6', 'profile': 'quick', 'master_seed': 20261005, 'cpu_count': 8, 'timestamp': '2026-10-05 17:00:30', 'ibm_backend': 'opencl_backend', 'gpu_device': 'Baffin'}
17:00:34  INFO  [extended] E1/E2 polymorphism maps (+M1 GP) ...
17:00:46  INFO    E1/E2 autosomal | additive: {'oracle_area': 0.1865625, 'gp_area': 0.14796875, 'iou_gp': 0.770885028949545, 'iou_raw': 0.4765494137353434, 'cell_agreement': 1.0, 'n_cells': 49, 'n_decided': 42, 'seconds': 11.5}
C:\Users\Windows\Downloads\antagonistic_alleles_manas\.venv\Lib\site-packages\sklearn\gaussian_process\kernels.py:445: ConvergenceWarning: The optimal value found for dimension 0 of parameter k1__k2__length_scale is close to the specified lower bound 0.001. Decreasing the bound and calling fit again may find a better value.
  warnings.warn(
17:00:57  INFO    E1/E2 X-linked | additive: {'oracle_area': 0.1034375, 'gp_area': 0.5409375, 'iou_gp': 0.16332863187588154, 'iou_raw': 0.42053789731051344, 'cell_agreement': 0.9565217391304348, 'n_cells': 25, 'n_decided': 23, 'seconds': 11.2}
C:\Users\Windows\Downloads\antagonistic_alleles_manas\.venv\Lib\site-packages\sklearn\gaussian_process\kernels.py:445: ConvergenceWarning: The optimal value found for dimension 0 of parameter k2__noise_level is close to the specified lower bound 1e-08. Decreasing the bound and calling fit again may find a better value.
  warnings.warn(
C:\Users\Windows\Downloads\antagonistic_alleles_manas\.venv\Lib\site-packages\sklearn\gaussian_process\kernels.py:445: ConvergenceWarning: The optimal value found for dimension 0 of parameter k1__k2__length_scale is close to the specified lower bound 0.001. Decreasing the bound and calling fit again may find a better value.
  warnings.warn(
17:01:09  INFO    E1/E2 autosomal | dominance reversal h=0.25: {'oracle_area': 0.7703125, 'gp_area': 0.96703125, 'iou_gp': 0.7893466366269714, 'iou_raw': 0.8142364631920503, 'cell_agreement': 0.9534883720930233, 'n_cells': 49, 'n_decided': 43, 'seconds': 11.7}
C:\Users\Windows\Downloads\antagonistic_alleles_manas\.venv\Lib\site-packages\sklearn\gaussian_process\kernels.py:445: ConvergenceWarning: The optimal value found for dimension 0 of parameter k1__k2__length_scale is close to the specified lower bound 0.001. Decreasing the bound and calling fit again may find a better value.
  warnings.warn(
17:01:19  INFO    E1/E2 X-linked | dominance reversal h=0.25: {'oracle_area': 0.494375, 'gp_area': 0.918125, 'iou_gp': 0.5296108291032149, 'iou_raw': 0.6373250388802488, 'cell_agreement': 1.0, 'n_cells': 25, 'n_decided': 21, 'seconds': 10.5}
C:\Users\Windows\Downloads\antagonistic_alleles_manas\.venv\Lib\site-packages\sklearn\gaussian_process\kernels.py:445: ConvergenceWarning: The optimal value found for dimension 0 of parameter k1__k2__length_scale is close to the specified lower bound 0.001. Decreasing the bound and calling fit again may find a better value.
  warnings.warn(
17:01:31  INFO    E1/E2 autosomal | male-benefit recessive (h_f=0.2, h_m=0.8): {'oracle_area': 0.1865625, 'gp_area': 0.513125, 'iou_gp': 0.2867816091954023, 'iou_raw': 0.40033500837520936, 'cell_agreement': 0.9318181818181818, 'n_cells': 49, 'n_decided': 44, 'seconds': 11.6}
C:\Users\Windows\Downloads\antagonistic_alleles_manas\.venv\Lib\site-packages\sklearn\gaussian_process\kernels.py:445: ConvergenceWarning: The optimal value found for dimension 0 of parameter k2__noise_level is close to the specified lower bound 1e-08. Decreasing the bound and calling fit again may find a better value.
  warnings.warn(
C:\Users\Windows\Downloads\antagonistic_alleles_manas\.venv\Lib\site-packages\sklearn\gaussian_process\kernels.py:445: ConvergenceWarning: The optimal value found for dimension 0 of parameter k1__k2__length_scale is close to the specified lower bound 0.001. Decreasing the bound and calling fit again may find a better value.
  warnings.warn(
17:01:41  INFO    E1/E2 X-linked | male-benefit recessive (h_f=0.2, h_m=0.8): {'oracle_area': 0.5653125, 'gp_area': 0.77140625, 'iou_gp': 0.6168966168966169, 'iou_raw': 0.6879508415709324, 'cell_agreement': 1.0, 'n_cells': 25, 'n_decided': 22, 'seconds': 10.4}
17:01:43  INFO  [extended] E1/E2 polymorphism maps (+M1 GP) done in 68.6s
17:01:43  INFO  [extended] E3 Kimura fixation ...
17:01:52  INFO    E3 N=200 done
17:02:19  INFO    E3 N=500 done
17:02:20  INFO  [extended] E3 Kimura fixation done in 37.3s
17:02:20  INFO  [extended] E5 diffusion persistence ...
17:02:31  INFO  [extended] E5 diffusion persistence done in 11.1s
17:02:31  INFO  all done
