15:24:46  INFO  environment: {'python': '3.14.6', 'platform': 'Windows-10-10.0.19045-SP0', 'numpy': '2.5.3', 'scipy': '1.18.1', 'numba': '0.68.0', 'sympy': '1.14.0', 'matplotlib': '3.11.2', 'pandas': '3.0.6', 'profile': 'full', 'master_seed': 20261005, 'cpu_count': 8, 'timestamp': '2026-10-05 15:24:46'}
15:24:48  INFO  [poster] P4 thresholds ...
C:\Users\Windows\Downloads\antagonistic_alleles_manas\sexconflict\analysis\stats.py:65: RuntimeWarning: overflow encountered in exp
  p = 1 / (1 + np.exp(-(x - x50) / np.exp(ls)))
15:32:27  INFO  [poster] P4 thresholds done in 459.0s
15:32:27  INFO  [poster] P5 basins ...
15:34:47  INFO    P5 deterministic basins (0.2, 0.2) done
15:35:04  INFO    P5 deterministic basins (0.8, 0.8) done
15:38:10  INFO    P5 deterministic basins (0.5, 0.5) done
15:41:10  INFO    P5 deterministic basins (0.2, 0.8) done
15:42:34  INFO    P5 deterministic basins (0.8, 0.2) done
15:42:48  INFO    P5 deterministic basins (0.5, 1.0) done
15:45:24  INFO    P5 deterministic basins (0.0, 0.5) done
15:50:03  INFO  [poster] P5 basins done in 1055.9s
15:50:03  INFO  [poster] P6 convergence ...
15:50:24  INFO  [poster] P6 convergence done in 21.0s
15:50:24  INFO  [poster] P7 animation ...
15:51:43  INFO  [poster] P7 animation done in 79.5s
15:51:43  INFO  [owen] O1 autosomal invasion ...
15:56:24  INFO  [owen] O1 autosomal invasion done in 281.2s
15:56:24  INFO  [owen] O2 Parsons example ...
15:56:35  INFO  [owen] O2 Parsons example done in 10.2s
15:56:35  INFO  [owen] O3 X-linked invasion ...
16:00:29  INFO  [owen] O3 X-linked invasion done in 234.8s
16:00:29  INFO  [owen] O4 Owen bistability ...
16:03:11  INFO  [owen] O4 Owen bistability done in 161.7s
16:03:11  INFO  [curse] C1 strong form ...
16:03:40  INFO  [curse] C1 strong form done in 29.3s
16:03:40  INFO  [curse] C2 twofold rule ...
16:04:06  INFO  [curse] C2 twofold rule done in 25.7s
16:04:06  INFO  [curse] C3 weak form ...
16:04:41  INFO  [curse] C3 weak form done in 35.3s
16:04:41  INFO  [curse] C4 restorer ...
16:05:25  INFO  [curse] C4 restorer done in 43.6s
16:05:25  INFO  all done
